// Jest Snapshot v1, https://goo.gl/fbAQLP

exports[`App renders correctly 1`] = `
<DocumentFragment>
  <div
    class="app"
  >
    <img
      alt="nasa logo"
      class="Logo"
      src="nasalogo.jpeg"
    />
    <input
      class="search-input"
      type="text"
    />
  </div>
</DocumentFragment>
`;
